ERROR: UTF-16 char literal out of range: u'ô‚ˆ¢' 1057314
